Thu Apr 30 12:49:47 UTC 2026: Heartbeat check
Thu Apr 30 12:49:50 UTC 2026: Heartbeat check
Fri May  1 10:52:29 UTC 2026: Heartbeat check
Fri May  1 10:52:49 UTC 2026: Heartbeat check
Fri May  1 10:52:51 UTC 2026: Heartbeat check
Sat May  2 08:58:19 UTC 2026: Heartbeat check
Sat May  2 08:58:22 UTC 2026: Heartbeat check
Sat May  2 08:58:25 UTC 2026: Heartbeat check
Sat May  2 14:41:14 UTC 2026: Heartbeat check
Sat May  2 14:41:17 UTC 2026: Heartbeat check
Sat May  2 20:33:32 UTC 2026: Heartbeat check
Sun May  3 09:15:43 UTC 2026: Heartbeat check
Sun May  3 14:42:13 UTC 2026: Heartbeat check
Sun May  3 14:42:15 UTC 2026: Heartbeat check
Mon May  4 15:55:45 UTC 2026: Heartbeat check
Tue May  5 20:55:52 UTC 2026: Heartbeat check
Wed May  6 21:01:56 UTC 2026: Heartbeat check
Sun May 10 09:23:01 UTC 2026: Heartbeat check
Sun May 10 20:39:34 UTC 2026: Heartbeat check
Mon May 11 16:26:06 UTC 2026: Heartbeat check
Mon May 11 16:26:10 UTC 2026: Heartbeat check
Mon May 11 16:26:14 UTC 2026: Heartbeat check
Mon May 11 16:26:18 UTC 2026: Heartbeat check
Tue May 12 10:25:25 UTC 2026: Heartbeat check
Tue May 12 10:25:37 UTC 2026: Heartbeat check
Tue May 12 16:14:44 UTC 2026: Heartbeat check
Thu May 14 16:06:54 UTC 2026: Heartbeat check
Thu May 14 16:06:58 UTC 2026: Heartbeat check
Thu May 14 16:07:03 UTC 2026: Heartbeat check
Fri May 15 15:58:33 UTC 2026: Heartbeat check
Fri May 15 20:53:26 UTC 2026: Heartbeat check
Fri May 15 20:53:30 UTC 2026: Heartbeat check
Fri May 15 20:53:34 UTC 2026: Heartbeat check
Fri May 15 20:53:37 UTC 2026: Heartbeat check
Sun May 17 14:50:11 UTC 2026: Heartbeat check
Sun May 17 20:40:10 UTC 2026: Heartbeat check
Sun May 17 20:40:14 UTC 2026: Heartbeat check
Mon May 18 11:38:34 UTC 2026: Heartbeat check
Mon May 18 11:38:43 UTC 2026: Heartbeat check
Tue May 19 10:55:19 UTC 2026: Heartbeat check
Tue May 19 21:12:43 UTC 2026: Heartbeat check
Thu May 21 11:00:17 UTC 2026: Heartbeat check
Thu May 21 21:22:36 UTC 2026: Heartbeat check
Sat May 23 14:54:40 UTC 2026: Heartbeat check
Sat May 23 14:54:48 UTC 2026: Heartbeat check
Sat May 23 20:40:10 UTC 2026: Heartbeat check
Sat May 23 20:40:14 UTC 2026: Heartbeat check
Sun May 24 09:48:57 UTC 2026: Heartbeat check
Mon May 25 16:15:57 UTC 2026: Heartbeat check
Tue May 26 21:29:29 UTC 2026: Heartbeat check
Tue May 26 21:29:33 UTC 2026: Heartbeat check
Thu May 28 21:51:03 UTC 2026: Heartbeat check
Fri May 29 17:28:41 UTC 2026: Heartbeat check
Fri May 29 21:46:56 UTC 2026: Heartbeat check
Fri May 29 21:47:00 UTC 2026: Heartbeat check
Sun May 31 10:08:18 UTC 2026: Heartbeat check
Wed Jun  3 18:18:59 UTC 2026: Heartbeat check
Wed Jun  3 18:19:03 UTC 2026: Heartbeat check
Wed Jun  3 18:19:07 UTC 2026: Heartbeat check
Thu Jun  4 10:56:36 UTC 2026: Heartbeat check
Thu Jun  4 10:56:40 UTC 2026: Heartbeat check
Thu Jun  4 10:56:44 UTC 2026: Heartbeat check
Thu Jun  4 16:47:00 UTC 2026: Heartbeat check
Fri Jun  5 21:18:31 UTC 2026: Heartbeat check
Fri Jun  5 21:18:39 UTC 2026: Heartbeat check
Fri Jun  5 21:18:43 UTC 2026: Heartbeat check
Fri Jun  5 21:18:47 UTC 2026: Heartbeat check
Sat Jun  6 15:07:12 UTC 2026: Heartbeat check
Sat Jun  6 15:07:16 UTC 2026: Heartbeat check
Sat Jun  6 20:55:58 UTC 2026: Heartbeat check
Sun Jun  7 10:22:31 UTC 2026: Heartbeat check
Sun Jun  7 10:22:35 UTC 2026: Heartbeat check
Sun Jun  7 15:19:14 UTC 2026: Heartbeat check
Mon Jun  8 17:17:57 UTC 2026: Heartbeat check
Mon Jun  8 17:18:01 UTC 2026: Heartbeat check
Mon Jun  8 21:45:27 UTC 2026: Heartbeat check
Tue Jun  9 10:53:10 UTC 2026: Heartbeat check
Wed Jun 10 11:31:59 UTC 2026: Heartbeat check
Wed Jun 10 11:32:02 UTC 2026: Heartbeat check
Thu Jun 11 17:32:50 UTC 2026: Heartbeat check
Thu Jun 11 17:32:54 UTC 2026: Heartbeat check
Fri Jun 12 16:39:39 UTC 2026: Heartbeat check
Fri Jun 12 21:25:30 UTC 2026: Heartbeat check
Sat Jun 13 21:04:31 UTC 2026: Heartbeat check
Sat Jun 13 21:04:35 UTC 2026: Heartbeat check
Sat Jun 13 21:04:42 UTC 2026: Heartbeat check
Sun Jun 14 21:01:52 UTC 2026: Heartbeat check
Sun Jun 14 21:01:56 UTC 2026: Heartbeat check
Mon Jun 15 18:21:06 UTC 2026: Heartbeat check
Mon Jun 15 22:10:57 UTC 2026: Heartbeat check
Mon Jun 15 22:11:06 UTC 2026: Heartbeat check
Thu Jun 18 21:59:12 UTC 2026: Heartbeat check
Fri Jun 19 11:59:39 UTC 2026: Heartbeat check
Fri Jun 19 21:02:56 UTC 2026: Heartbeat check
Sat Jun 20 10:27:30 UTC 2026: Heartbeat check
Sat Jun 20 15:29:23 UTC 2026: Heartbeat check
Sat Jun 20 15:29:26 UTC 2026: Heartbeat check
Sun Jun 21 15:46:13 UTC 2026: Heartbeat check
Sun Jun 21 21:06:16 UTC 2026: Heartbeat check
Sun Jun 21 21:06:21 UTC 2026: Heartbeat check
Mon Jun 22 21:56:03 UTC 2026: Heartbeat check
Thu Jun 25 16:17:35 UTC 2026: Heartbeat check
Fri Jun 26 10:44:41 UTC 2026: Heartbeat check
Fri Jun 26 10:44:45 UTC 2026: Heartbeat check
Fri Jun 26 21:13:02 UTC 2026: Heartbeat check
Sun Jun 28 15:12:22 UTC 2026: Heartbeat check
Mon Jun 29 21:18:16 UTC 2026: Heartbeat check
Mon Jun 29 21:18:20 UTC 2026: Heartbeat check
Mon Jun 29 21:18:24 UTC 2026: Heartbeat check
Mon Jun 29 21:18:28 UTC 2026: Heartbeat check
Mon Jun 29 21:18:35 UTC 2026: Heartbeat check
Tue Jun 30 16:17:17 UTC 2026: Heartbeat check
Tue Jun 30 16:17:25 UTC 2026: Heartbeat check
Tue Jun 30 21:22:44 UTC 2026: Heartbeat check
Wed Jul  1 11:18:02 UTC 2026: Heartbeat check
Wed Jul  1 11:18:06 UTC 2026: Heartbeat check
Thu Jul  2 16:00:34 UTC 2026: Heartbeat check
Thu Jul  2 16:00:38 UTC 2026: Heartbeat check
Thu Jul  2 16:00:42 UTC 2026: Heartbeat check
Thu Jul  2 16:00:46 UTC 2026: Heartbeat check
Sat Jul  4 10:01:05 UTC 2026: Heartbeat check
Sat Jul  4 20:44:29 UTC 2026: Heartbeat check
Sat Jul  4 20:44:32 UTC 2026: Heartbeat check
Sun Jul  5 20:49:04 UTC 2026: Heartbeat check
Sun Jul  5 20:49:08 UTC 2026: Heartbeat check
Sun Jul  5 20:49:12 UTC 2026: Heartbeat check
Sun Jul  5 20:49:16 UTC 2026: Heartbeat check
Sun Jul  5 20:49:20 UTC 2026: Heartbeat check
Mon Jul  6 16:47:53 UTC 2026: Heartbeat check
Tue Jul  7 10:47:50 UTC 2026: Heartbeat check
Tue Jul  7 10:47:54 UTC 2026: Heartbeat check
Wed Jul  8 15:57:37 UTC 2026: Heartbeat check
Wed Jul  8 15:57:45 UTC 2026: Heartbeat check
Wed Jul  8 15:57:49 UTC 2026: Heartbeat check
Thu Jul  9 16:22:44 UTC 2026: Heartbeat check
Thu Jul  9 16:22:48 UTC 2026: Heartbeat check
Thu Jul  9 16:22:55 UTC 2026: Heartbeat check
Fri Jul 10 21:00:09 UTC 2026: Heartbeat check
Fri Jul 10 21:00:17 UTC 2026: Heartbeat check
Wed Jul 15 15:19:35 UTC 2026: Heartbeat check
Wed Jul 15 15:19:39 UTC 2026: Heartbeat check
Wed Jul 15 15:19:43 UTC 2026: Heartbeat check
Wed Jul 15 15:19:56 UTC 2026: Heartbeat check
Wed Jul 15 15:20:00 UTC 2026: Heartbeat check
Wed Jul 15 15:20:04 UTC 2026: Heartbeat check
Wed Jul 15 20:51:13 UTC 2026: Heartbeat check
Thu Jul 16 10:00:00 UTC 2026: Heartbeat check
Thu Jul 16 10:00:04 UTC 2026: Heartbeat check
Thu Jul 16 20:47:57 UTC 2026: Heartbeat check
Sat Jul 18 14:44:09 UTC 2026: Heartbeat check
Sun Jul 19 09:45:24 UTC 2026: Heartbeat check
Sun Jul 19 09:45:28 UTC 2026: Heartbeat check
Sun Jul 19 14:47:53 UTC 2026: Heartbeat check
Mon Jul 20 10:43:20 UTC 2026: Heartbeat check
Mon Jul 20 15:45:24 UTC 2026: Heartbeat check
Wed Jul 22 20:56:20 UTC 2026: Heartbeat check
Wed Jul 22 20:56:24 UTC 2026: Heartbeat check
Thu Jul 23 15:48:34 UTC 2026: Heartbeat check
Thu Jul 23 15:48:39 UTC 2026: Heartbeat check
Sun Jul 26 09:51:26 UTC 2026: Heartbeat check
Sun Jul 26 09:51:30 UTC 2026: Heartbeat check
Sun Jul 26 09:51:34 UTC 2026: Heartbeat check
Sun Jul 26 09:51:38 UTC 2026: Heartbeat check
Sun Jul 26 14:57:24 UTC 2026: Heartbeat check
Tue Jul 28 10:26:12 UTC 2026: Heartbeat check
Tue Jul 28 15:59:26 UTC 2026: Heartbeat check
Tue Jul 28 15:59:30 UTC 2026: Heartbeat check
Tue Jul 28 15:59:35 UTC 2026: Heartbeat check
Tue Jul 28 15:59:38 UTC 2026: Heartbeat check
Tue Jul 28 15:59:42 UTC 2026: Heartbeat check
Wed Jul 29 10:31:34 UTC 2026: Heartbeat check
Wed Jul 29 15:44:56 UTC 2026: Heartbeat check
Wed Jul 29 20:43:09 UTC 2026: Heartbeat check
Thu Jul 30 15:45:51 UTC 2026: Heartbeat check
Fri Jul 31 10:29:37 UTC 2026: Heartbeat check
Fri Jul 31 15:55:42 UTC 2026: Heartbeat check
Fri Jul 31 15:55:46 UTC 2026: Heartbeat check
Fri Jul 31 15:55:50 UTC 2026: Heartbeat check
Mon Aug  3 20:56:16 UTC 2026: Heartbeat check
Mon Aug  3 20:56:25 UTC 2026: Heartbeat check
Tue Aug  4 16:07:43 UTC 2026: Heartbeat check
Tue Aug  4 16:08:03 UTC 2026: Heartbeat check
Tue Aug  4 16:08:07 UTC 2026: Heartbeat check
Wed Aug  5 10:27:26 UTC 2026: Heartbeat check
Wed Aug  5 20:58:51 UTC 2026: Heartbeat check
Wed Aug  5 20:59:00 UTC 2026: Heartbeat check
Fri Aug  7 14:45:53 UTC 2026: Heartbeat check
Fri Aug  7 14:45:57 UTC 2026: Heartbeat check
Sat Aug  8 08:29:50 UTC 2026: Heartbeat check
Sat Aug  8 08:29:54 UTC 2026: Heartbeat check
Sat Aug  8 08:29:58 UTC 2026: Heartbeat check
Sat Aug  8 08:30:02 UTC 2026: Heartbeat check
Sat Aug  8 08:30:06 UTC 2026: Heartbeat check
Sat Aug  8 08:30:17 UTC 2026: Heartbeat check
Sun Aug  9 14:25:35 UTC 2026: Heartbeat check
Sun Aug  9 14:25:39 UTC 2026: Heartbeat check
Mon Aug 10 14:50:47 UTC 2026: Heartbeat check
Wed Aug 12 14:50:25 UTC 2026: Heartbeat check
Wed Aug 12 14:50:30 UTC 2026: Heartbeat check
Wed Aug 12 14:50:39 UTC 2026: Heartbeat check
Thu Aug 13 09:03:47 UTC 2026: Heartbeat check
Thu Aug 13 14:50:11 UTC 2026: Heartbeat check
Thu Aug 13 20:32:18 UTC 2026: Heartbeat check
Fri Aug 14 09:00:11 UTC 2026: Heartbeat check
Fri Aug 14 09:00:15 UTC 2026: Heartbeat check
Fri Aug 14 09:00:19 UTC 2026: Heartbeat check
Fri Aug 14 14:44:15 UTC 2026: Heartbeat check
Fri Aug 14 14:44:29 UTC 2026: Heartbeat check
Sat Aug 15 20:13:19 UTC 2026: Heartbeat check
Sun Aug 16 08:18:28 UTC 2026: Heartbeat check
Sun Aug 16 20:12:31 UTC 2026: Heartbeat check
Sun Aug 16 20:12:39 UTC 2026: Heartbeat check
Sun Aug 16 20:12:43 UTC 2026: Heartbeat check
